// Jest Snapshot v1, https://goo.gl/fbAQLP

exports[`ColorSelector matches a snapshot 1`] = `
Array [
  <label>
    Font Color:
  </label>,
  <input
    name="fontColor"
    type="color"
  />,
  <label>
    Background Color:
  </label>,
  <input
    name="backgroundColor"
    type="color"
  />,
]
`;
